<html>
<body>
<pre>
<h1>µVision Build Log</h1>
<h2>Tool Versions:</h2>
IDE-Version: µVision V5.24.2.0
Copyright (C) 2017 ARM Ltd and ARM Germany GmbH. All rights reserved.
License Information: Yankun Yang, Yang, LIC=50DY8-345T3-EY5VT-RXH7L-73GTW-2IM23
 
Tool Versions:
Toolchain:       MDK-ARM Professional  Version: 5.24.1
Toolchain Path:  E:\Keil_v5\ARM\ARMCC\Bin
C Compiler:      Armcc.exe V5.06 update 5 (build 528)
Assembler:       Armasm.exe V5.06 update 5 (build 528)
Linker/Locator:  ArmLink.exe V5.06 update 5 (build 528)
Library Manager: ArmAr.exe V5.06 update 5 (build 528)
Hex Converter:   FromElf.exe V5.06 update 5 (build 528)
CPU DLL:         SARMCM3.DLL V5.24.1
Dialog DLL:      DCM.DLL V1.16.0.0
Target DLL:      STLink\ST-LINKIII-KEIL_SWO.dll V3.0.1.0
Dialog DLL:      TCM.DLL V1.32.0.0
 
<h2>Project:</h2>
E:\Quadcopter\STM32\STM32F407 Discovery\Projects\Git\12-FreeRTOS\12a-PORT\12a-PORT.uvprojx
Project File Date:  11/28/2018

<h2>Output:</h2>
*** Using Compiler 'V5.06 update 5 (build 528)', folder: 'E:\Keil_v5\ARM\ARMCC\Bin'
Build target 'STM32F407VG-Discovery'
compiling main.c...
src\quad\target\11-RTOS_PORT\main.c(385): warning:  #188-D: enumerated type mixed with another type
  	mixerInit(
ixerConfig()->mixerMode, masterConfig.customMotorMixer);
src\quad\target\11-RTOS_PORT\main.c(598): warning:  #177-D: variable "ledpwmval"  was declared but never referenced
  	uint16_t ledpwmval = 1500;
src\quad\target\11-RTOS_PORT\main.c(599): warning:  #177-D: variable "dir"  was declared but never referenced
  	uint8_t dir = 1;
src\quad\target\11-RTOS_PORT\main.c: 3 warnings, 0 errors
linking...
Program Size: Code=22060 RO-data=1064 RW-data=3840 ZI-data=81552  
".\Objects\12a-PORT.axf" - 0 Error(s), 3 Warning(s).

<h2>Software Packages used:</h2>

Package Vendor: Keil
                http://www.keil.com/pack/Keil.STM32F4xx_DFP.2.13.0.pack
                Keil.STM32F4xx_DFP.2.13.0
                STMicroelectronics STM32F4 Series Device Support, Drivers and Examples

<h2>Collection of Component include folders:</h2>
  .\RTE\_STM32F407VG-Discovery
  E:\Keil_v5\ARM\PACK\Keil\STM32F4xx_DFP\2.13.0\Drivers\CMSIS\Device\ST\STM32F4xx\Include

<h2>Collection of Component Files used:</h2>
Build Time Elapsed:  00:00:03
</pre>
</body>
</html>
